// Jest Snapshot v1, https://goo.gl/fbAQLP

exports[`Recipe component renders Recipe by default 1`] = `
<article
  className="recipe-page mb-2"
>
  <Parallax
    bgClassName="react-parallax-bgimage"
    bgImage="https://preppykitchen.com/wp-content/uploads/2019/06/Ultimate-Chocolate-Cake-feature-1200.jpg"
    bgImageAlt="the cat"
    blur={0}
    className=""
    contentClassName=""
    disabled={false}
    strength={200}
  >
    <div
      className="recipe-name"
    >
      <h2
        className="rs-title mr-1"
      >
        Recipe:
      </h2>
      <h3
        className="rs-title"
      />
    </div>
  </Parallax>
  <p
    className="recipe-author note"
  />
  <p
    className="recipe-information rs-body"
  />
  <h3
    className="recipe-ingredients rs-sub-title w-fit mr-auto"
  >
    Ingredients:
  </h3>
  <ul
    className="recipe-ingredients recipe-list note"
  />
  <h3
    className="recipe-instructions rs-sub-title w-fit mr-auto"
  >
    Instructions:
  </h3>
  <ul
    className="recipe-instructions recipe-list note"
  />
</article>
`;
