// Jest Snapshot v1, https://goo.gl/fbAQLP

exports[`Recipe component renders Recipe by default 1`] = `
<article
  className="recipe-page mb-2"
>
  <Parallax
    bgClassName="react-parallax-bgimage"
    bgImage="cupcakes.jpg"
    bgImageAlt="Chocolate cupcakes stacked with chocolate powder sprinkling on top"
    blur={0}
    className=""
    contentClassName=""
    disabled={false}
    strength={200}
  >
    <div
      className="recipe-name"
    >
      <h2
        className="rs-title"
      >
        Recipe:
      </h2>
      <h3
        className="rs-title"
      />
    </div>
  </Parallax>
  <p
    className="recipe-author note"
  />
  <p
    className="recipe-information rs-body"
  />
  <h3
    className="recipe-ingredients rs-sub-title w-fit mr-auto"
  >
    Ingredients:
  </h3>
  <ul
    className="recipe-ingredients recipe-list rs-body"
  />
  <h3
    className="recipe-instructions rs-sub-title w-fit mr-auto"
  >
    Instructions:
  </h3>
  <ul
    className="recipe-instructions recipe-list rs-body"
  />
</article>
`;
