// Jest Snapshot v1, https://goo.gl/fbAQLP

exports[`Header component renders Header by default 1`] = `
<header>
  <h1>
    <Link
      to="/"
    >
      Recipe Sharing
    </Link>
  </h1>
  <nav>
    <div
      className="right-link-container"
    >
      <ul>
        <li>
          <NavLink
            to="/about"
          >
            Getting Started
          </NavLink>
        </li>
        <li>
          <NavLink
            to="/sign-up"
          >
            Sign up
          </NavLink>
        </li>
        <li>
          <NavLink
            to="/login"
          >
            Log in
          </NavLink>
        </li>
      </ul>
    </div>
  </nav>
</header>
`;
